<?xml version="1.0"?>
<div class="error">
    my message
</div>
