<?xml version="1.0"?>
<div>
  <div>
    <h1>Zed's Chopper</h1>
    <div class="flex">
      <navigation class="w-1/3">
        <ul>
          <li>Home</li>
          <li>Contact</li>
        </ul>
      </navigation>
      <div class="w-2/3">
        <main class="content">Whose chopper is this?</main>
      </div>
    </div>
    <footer>
        It's Zed's.
    </footer>
  </div>
</div>
