<?xml version="1.0"?>
<div>
  <div class="card">
    <h1>User properties</h1>
    <div>
      <a href="https://example.com/admin/user/1">Edit</a>
    </div>
  </div>
</div>
