<?xml version="1.0"?>
<div>
  <div class="card">
    <h1>Title</h1>
  </div>
</div>
