<?xml version="1.0"?>
<div>
  <h1>Title</h1>
  <div>
    <div>
      <h1>Subtitle</h1>
      <div>
        <div>
          <h1>Subsubtitle</h1>
          <div>Inner card</div>
        </div>
      </div>
    </div>
  </div>
</div>
