<?xml version="1.0"?>
<div>
    <div class="card">
        <h1>Single line!</h1>
        <div>This is the content</div>
    </div>
</div>
