<?xml version="1.0"?>
<div>
  <div>
    <h1>Profile</h1>
    <h2>Settings</h2>
  </div>
</div>
