<?xml version="1.0"?>
<div>
  <h1>John</h1>
  <div>My content</div>
</div>
