<?xml version="1.0"?>
<form>
  <div>
    <label for="name">Name</label>
    <input type="text" name="name" id="name" value=""/>
  </div>
</form>
