<?xml version="1.0"?>
<div>
  <span>SEBASTIAN</span>
</div>
