<?xml version="1.0"?>
<div>
  <span>Sebastian</span>
</div>
