<?xml version="1.0"?>
<div>
  <div class="card">
    <h1>John</h1>
    <div>My content</div>
  </div>
  <div class="card">
    <h1>Jane</h1>
    <div>My content</div>
  </div>
  <div class="card">
    <h1>&gt;</h1>
    <div>My content</div>
  </div>
  <div class="card">
    <h1>&gt;suffix</h1>
    <div>My content</div>
  </div>
  <div class="card">
    <h1>&gt;suffix</h1>
    <div>My content</div>
  </div>
  <div class="card">
    <h1>prefix&gt;suffix</h1>
    <div>My content</div>
  </div>
  <div class="card">
    <h1>prefix &gt; suffix</h1>
    <div>My content</div>
  </div>
</div>
