<?xml version="1.0"?>
<div>
  <div>
    <div>
      <h6>
                Components
            </h6>
      <h1>
            Alerts
        </h1>
    </div>
  </div>
  <div>
    <div>
      <h1>
            Alerts
        </h1>
    </div>
  </div>
</div>
