<?xml version="1.0"?>
<div>
  <div>
    <div class="card">
      <h1>one</h1>
      <div>content one</div>
    </div>
    <div class="card">
      <h1>two</h1>
      <div>content two</div>
    </div>
  </div>
</div>
