<?xml version="1.0"?>
<div>
  <div class="error">
    my message
</div>
  <div class="error">
    my message
</div>
</div>
