<?xml version="1.0"?>
<div><?php $__env->startComponent(
           'components/heading',
           array_merge(app(Spatie\BladeX\ContextStack::class)->read(), [])); ?><?php $__env->slot('subheader'); ?> Components <?php $__env->endSlot(); ?> Alerts <?php echo $__env->renderComponent(); ?>
<?php $__env->startComponent(
           'components/heading',
           array_merge(app(Spatie\BladeX\ContextStack::class)->read(), [])); ?>Alerts <?php echo $__env->renderComponent(); ?></div>
