<?xml version="1.0"?>
<div>
  <div class="card">
    <h1>title</h1>
    <div>my title</div>
  </div>
</div>
