<?xml version="1.0"?>
<div>
  <div class="card">
    <h1>Profile</h1>
    <div>My content</div>
  </div>
</div>
