<?xml version="1.0"?>
<div>
  <div class="card">
    <h1>-1</h1>
    <div>My content</div>
  </div>
</div>
