<?xml version="1.0"?>
<div>
  <?php $__env->startComponent(
           'components.textField',
           array_merge(app(Spatie\BladeX\ContextStack::class)->read(),
           ['name' => 'email','label' => 'Email','wire.click' => 'validate','wire' => ['model.lazy' => 'email'],'ns1' => ['attr1' => 'ns1\'s value 1','attr2' => 'ns1\'s value 2'],'ns2' => ['attr' => 'ns2\'s value']])
        ); ?>
  <?php echo $__env->renderComponent(); ?>
</div>
